2012/10/06 11:11:19	PROJECT OPENED:	test_log.txt
---------------------------------------------------------------------------------------------------------------------------------------------------------------
2012/10/06 11:12:08	PROJECT OPENED:	test_log.txt
---------------------------------------------------------------------------------------------------------------------------------------------------------------
2012/10/06 11:14:46	PROJECT OPENED:	test_log.txt
---------------------------------------------------------------------------------------------------------------------------------------------------------------
2012/10/06 11:14:55	MODULE UPDATE:	JAARPUNT changed parent to: NAAM
---------------------------------------------------------------------------------------------------------------------------------------------------------------
2012/10/06 11:14:57	MODULE UPDATE:	TAAL changed parent to: NAAM
---------------------------------------------------------------------------------------------------------------------------------------------------------------
2012/10/06 11:14:58	MODULE UPDATE:	EKSAMENSENTRUM changed parent to: NAAM
---------------------------------------------------------------------------------------------------------------------------------------------------------------
2012/10/06 11:15:57	PROJECT OPENED:	test_log.txt
---------------------------------------------------------------------------------------------------------------------------------------------------------------
2012/10/06 11:16:37	PROJECT OPENED:	test_log.txt
---------------------------------------------------------------------------------------------------------------------------------------------------------------
2012/10/06 11:22:19	PROJECT OPENED:	test_log.txt
---------------------------------------------------------------------------------------------------------------------------------------------------------------
2012/10/06 11:22:56	PROJECT OPENED:	test_log.txt
---------------------------------------------------------------------------------------------------------------------------------------------------------------
2012/10/06 11:24:13	PROJECT OPENED:	test_log.txt
---------------------------------------------------------------------------------------------------------------------------------------------------------------
2012/10/06 11:25:22	PROJECT OPENED:	test_log.txt
---------------------------------------------------------------------------------------------------------------------------------------------------------------
2012/10/06 11:27:27	PROJECT OPENED:	test_log.txt
---------------------------------------------------------------------------------------------------------------------------------------------------------------
2012/10/06 11:28:28	PROJECT OPENED:	test_log.txt
---------------------------------------------------------------------------------------------------------------------------------------------------------------
2012/10/06 11:30:52	PROJECT OPENED:	test_log.txt
---------------------------------------------------------------------------------------------------------------------------------------------------------------
2012/10/06 11:31:03	STUDENT UPDATE:	2724289 VALUE CHANGED FROM: BOTHA F MNR TO: dhkjsahdksa
---------------------------------------------------------------------------------------------------------------------------------------------------------------
2012/10/06 11:31:08	STUDENT UPDATE:	2724289 MARK CHANGED FROM: 5.0 TO: 1.1
---------------------------------------------------------------------------------------------------------------------------------------------------------------
2012/10/06 11:31:16	STUDENT UPDATE:	2724289 VALUE CHANGED FROM: A TO: afrikaans
---------------------------------------------------------------------------------------------------------------------------------------------------------------
2012/10/06 11:32:26	PROJECT OPENED:	test_log.txt
---------------------------------------------------------------------------------------------------------------------------------------------------------------
2012/10/06 11:32:39	MODULE UPDATE:	test added as child node to NAAM
---------------------------------------------------------------------------------------------------------------------------------------------------------------
2012/10/06 11:32:54	MODULE UPDATE:	test,	 Weight: 1.0,	 Text Field: false,	 Assesment Date: 06/10/2012
			TO:		test,	 Weight: 1.0,	 Text Field: false,	 Assesment Date: 06/10/2012
---------------------------------------------------------------------------------------------------------------------------------------------------------------
2012/10/06 11:33:01	MODULE UPDATE:	test,	 Weight: 1.0,	 Text Field: false,	 Assesment Date: 06/10/2012
			TO:		test,	 Weight: 1.0,	 Text Field: false,	 Assesment Date: 06/10/2012
---------------------------------------------------------------------------------------------------------------------------------------------------------------
2012/10/06 11:33:08	MODULE UPDATE:	test,	 Weight: 1.0,	 Text Field: false,	 Assesment Date: 06/10/2012
			TO:		dqawad,	 Weight: 1.0,	 Text Field: false,	 Assesment Date: 06/10/2012
---------------------------------------------------------------------------------------------------------------------------------------------------------------
2012/10/06 11:33:35	MODULE UPDATE:	hello added as child node to TAAL
---------------------------------------------------------------------------------------------------------------------------------------------------------------
2012/10/06 11:34:26	MODULE UPDATE:	test added as child node to JAARPUNT
---------------------------------------------------------------------------------------------------------------------------------------------------------------
2012/10/06 11:34:48	MODULE UPDATE:	test,	 Weight: 1.0,	 Text Field: false,	 Assesment Date: 06/10/2012
			TO:		test,	 Weight: 1.0,	 Text Field: false,	 Assesment Date: 06/10/2012
---------------------------------------------------------------------------------------------------------------------------------------------------------------
2012/10/06 11:35:31	PROJECT OPENED:	test_log.txt
---------------------------------------------------------------------------------------------------------------------------------------------------------------
2012/10/06 11:35:43	MODULE UPDATE:	NAAM changed parent to: JAARPUNT
---------------------------------------------------------------------------------------------------------------------------------------------------------------
2012/10/06 11:35:45	MODULE UPDATE:	TAAL changed parent to: JAARPUNT
---------------------------------------------------------------------------------------------------------------------------------------------------------------
2012/10/06 11:35:46	MODULE UPDATE:	EKSAMENSENTRUM changed parent to: JAARPUNT
---------------------------------------------------------------------------------------------------------------------------------------------------------------
2012/10/06 11:35:52	MODULE UPDATE:	REGISTRASIE-PERIODE changed parent to: AANBIEDMODUS
---------------------------------------------------------------------------------------------------------------------------------------------------------------
2012/10/06 11:35:52	MODULE UPDATE:	TAALVOORKEUR changed parent to: AANBIEDMODUS
---------------------------------------------------------------------------------------------------------------------------------------------------------------
2012/10/06 11:35:59	MODULE UPDATE:	JAARPUNT removed with children
---------------------------------------------------------------------------------------------------------------------------------------------------------------
2012/10/06 11:36:10	MODULE UPDATE:	AANBIEDMODUS removed without children
---------------------------------------------------------------------------------------------------------------------------------------------------------------
2012/10/06 12:43:43	PROJECT OPENED:	test_log.txt
---------------------------------------------------------------------------------------------------------------------------------------------------------------
2012/10/06 12:43:50	PROJECT OPENED:	test_log.txt
---------------------------------------------------------------------------------------------------------------------------------------------------------------
2012/10/06 12:48:37	PROJECT OPENED:	test_log.txt
---------------------------------------------------------------------------------------------------------------------------------------------------------------
2012/10/06 13:03:19	PROJECT OPENED:	test_log.txt
---------------------------------------------------------------------------------------------------------------------------------------------------------------
2012/10/06 13:07:59	PROJECT OPENED:	test_log.txt
---------------------------------------------------------------------------------------------------------------------------------------------------------------
2012/10/06 13:13:12	PROJECT OPENED:	test_log.txt
---------------------------------------------------------------------------------------------------------------------------------------------------------------
2012/10/06 13:16:04	PROJECT OPENED:	test_log.txt
---------------------------------------------------------------------------------------------------------------------------------------------------------------
2012/10/06 13:20:02	PROJECT OPENED:	test_log.txt
---------------------------------------------------------------------------------------------------------------------------------------------------------------
2012/10/08 09:58:37	PROJECT OPENED:	test_log.txt
---------------------------------------------------------------------------------------------------------------------------------------------------------------
